// Jest Snapshot v1, https://goo.gl/fbAQLP

exports[`ImportComponent mocked should display the loaded component 1`] = `
<p>
  Hello lazy 
  world
  !
</p>
`;
