// Jest Snapshot v1, https://goo.gl/fbAQLP

exports[`ImportComponent loading should display the loading state 1`] = `
<p>
  Fetching contentâ€¦
</p>
`;
