// Jest Snapshot v1, https://goo.gl/fbAQLP

exports[`renders loaded state correctly 1`] = `
<div>
  <h1
    className="headline"
  >
    Hello World!
  </h1>
  <p>
    <a
      href="https://www.xing.com/jobs/1"
    >
      "
      some job
      "
    </a>
     at
     
    <b>
      cool company
    </b>
  </p>
</div>
`;

exports[`renders loading state correctly 1`] = `
<div>
  <h1
    className="headline"
  >
    Hello World!
  </h1>
  <div>
    loading...
  </div>
</div>
`;
