// Jest Snapshot v1, https://goo.gl/fbAQLP

exports[`react browser extension ReactContext should wrap the application in a React-Router BrowserRouter 1`] = `
<BrowserRouter
  basename=""
>
  <main />
</BrowserRouter>
`;

exports[`react browser extension render should call ReactDOM.hydrate when the app is not yet mounted 1`] = `
[MockFunction] {
  "calls": Array [
    Array [
      <BrowserRouter
        basename=""
      >
        <div />
      </BrowserRouter>,
      <div
        data-hopsroot=""
        id="main"
      />,
    ],
  ],
}
`;

exports[`react browser extension render should call ReactDOM.render when rendering a second time 1`] = `
[MockFunction] {
  "calls": Array [
    Array [
      <BrowserRouter
        basename=""
      >
        <div />
      </BrowserRouter>,
      <div
        data-hopsroot=""
        id="main"
      />,
    ],
  ],
}
`;

exports[`react browser extension side-effect components <Header /> should render null 1`] = `null`;

exports[`react browser extension side-effect components <Miss /> should render null 1`] = `null`;

exports[`react browser extension side-effect components <Status /> should render null 1`] = `null`;
