// Jest Snapshot v1, https://goo.gl/fbAQLP

exports[`renders correctly 1`] = `
<div>
  <h1
    className="headline"
  >
    ey yo captain jack
  </h1>
</div>
`;
